Archive member included to satisfy reference by file (symbol)

c:/program files (x86)/gnu tools arm embedded/5.4 2016q3/bin/../lib/gcc/arm-none-eabi/5.4.1/armv7-m\libgcc.a(_arm_addsubsf3.o)
                              ..\obj\radio.o (__aeabi_fsub)
c:/program files (x86)/gnu tools arm embedded/5.4 2016q3/bin/../lib/gcc/arm-none-eabi/5.4.1/armv7-m\libgcc.a(_arm_muldivsf3.o)
                              ..\obj\radio.o (__aeabi_fmul)
c:/program files (x86)/gnu tools arm embedded/5.4 2016q3/bin/../lib/gcc/arm-none-eabi/5.4.1/armv7-m\libgcc.a(_arm_cmpsf2.o)
                              ..\obj\radio.o (__aeabi_fcmpge)
c:/program files (x86)/gnu tools arm embedded/5.4 2016q3/bin/../lib/gcc/arm-none-eabi/5.4.1/armv7-m\libgcc.a(_arm_fixunssfsi.o)
                              ..\obj\radio.o (__aeabi_f2uiz)
c:/program files (x86)/gnu tools arm embedded/5.4 2016q3/bin/../lib/gcc/arm-none-eabi/5.4.1/armv7-m\libgcc.a(unwind-arm.o)
                              ..\obj\aprs.o (__aeabi_unwind_cpp_pr0)
c:/program files (x86)/gnu tools arm embedded/5.4 2016q3/bin/../lib/gcc/arm-none-eabi/5.4.1/armv7-m\libgcc.a(libunwind.o)
                              c:/program files (x86)/gnu tools arm embedded/5.4 2016q3/bin/../lib/gcc/arm-none-eabi/5.4.1/armv7-m\libgcc.a(unwind-arm.o) (restore_core_regs)
c:/program files (x86)/gnu tools arm embedded/5.4 2016q3/bin/../lib/gcc/arm-none-eabi/5.4.1/armv7-m\libgcc.a(pr-support.o)
                              c:/program files (x86)/gnu tools arm embedded/5.4 2016q3/bin/../lib/gcc/arm-none-eabi/5.4.1/armv7-m\libgcc.a(unwind-arm.o) (__gnu_unwind_execute)
c:/program files (x86)/gnu tools arm embedded/5.4 2016q3/bin/../lib/gcc/arm-none-eabi/5.4.1/../../../../arm-none-eabi/lib/armv7-m\libg_nano.a(lib_a-memcpy-stub.o)
                              ..\obj\startup_stm32f10x_md_vl.o (memcpy)
c:/program files (x86)/gnu tools arm embedded/5.4 2016q3/bin/../lib/gcc/arm-none-eabi/5.4.1/../../../../arm-none-eabi/lib/armv7-m\libg_nano.a(lib_a-memset.o)
                              ..\obj\ublox.o (memset)
c:/program files (x86)/gnu tools arm embedded/5.4 2016q3/bin/../lib/gcc/arm-none-eabi/5.4.1/../../../../arm-none-eabi/lib/armv7-m\libg_nano.a(lib_a-sprintf.o)
                              ..\obj\main.o (sprintf)
c:/program files (x86)/gnu tools arm embedded/5.4 2016q3/bin/../lib/gcc/arm-none-eabi/5.4.1/../../../../arm-none-eabi/lib/armv7-m\libg_nano.a(lib_a-strcpy.o)
                              ..\obj\QAPRSBase.o (strcpy)
c:/program files (x86)/gnu tools arm embedded/5.4 2016q3/bin/../lib/gcc/arm-none-eabi/5.4.1/../../../../arm-none-eabi/lib/armv7-m\libg_nano.a(lib_a-strlen.o)
                              ..\obj\QAPRSBase.o (strlen)
c:/program files (x86)/gnu tools arm embedded/5.4 2016q3/bin/../lib/gcc/arm-none-eabi/5.4.1/../../../../arm-none-eabi/lib/armv7-m\libg_nano.a(lib_a-strncpy.o)
                              ..\obj\QAPRSBase.o (strncpy)
c:/program files (x86)/gnu tools arm embedded/5.4 2016q3/bin/../lib/gcc/arm-none-eabi/5.4.1/../../../../arm-none-eabi/lib/armv7-m\libg_nano.a(lib_a-impure.o)
                              c:/program files (x86)/gnu tools arm embedded/5.4 2016q3/bin/../lib/gcc/arm-none-eabi/5.4.1/../../../../arm-none-eabi/lib/armv7-m\libg_nano.a(lib_a-sprintf.o) (_impure_ptr)
c:/program files (x86)/gnu tools arm embedded/5.4 2016q3/bin/../lib/gcc/arm-none-eabi/5.4.1/../../../../arm-none-eabi/lib/armv7-m\libg_nano.a(lib_a-nano-svfprintf.o)
                              c:/program files (x86)/gnu tools arm embedded/5.4 2016q3/bin/../lib/gcc/arm-none-eabi/5.4.1/../../../../arm-none-eabi/lib/armv7-m\libg_nano.a(lib_a-sprintf.o) (_svfprintf_r)
c:/program files (x86)/gnu tools arm embedded/5.4 2016q3/bin/../lib/gcc/arm-none-eabi/5.4.1/../../../../arm-none-eabi/lib/armv7-m\libg_nano.a(lib_a-nano-vfprintf_i.o)
                              c:/program files (x86)/gnu tools arm embedded/5.4 2016q3/bin/../lib/gcc/arm-none-eabi/5.4.1/../../../../arm-none-eabi/lib/armv7-m\libg_nano.a(lib_a-nano-svfprintf.o) (_printf_i)
c:/program files (x86)/gnu tools arm embedded/5.4 2016q3/bin/../lib/gcc/arm-none-eabi/5.4.1/../../../../arm-none-eabi/lib/armv7-m\libg_nano.a(lib_a-memchr-stub.o)
                              c:/program files (x86)/gnu tools arm embedded/5.4 2016q3/bin/../lib/gcc/arm-none-eabi/5.4.1/../../../../arm-none-eabi/lib/armv7-m\libg_nano.a(lib_a-nano-svfprintf.o) (memchr)
c:/program files (x86)/gnu tools arm embedded/5.4 2016q3/bin/../lib/gcc/arm-none-eabi/5.4.1/../../../../arm-none-eabi/lib/armv7-m\libg_nano.a(lib_a-memmove.o)
                              c:/program files (x86)/gnu tools arm embedded/5.4 2016q3/bin/../lib/gcc/arm-none-eabi/5.4.1/../../../../arm-none-eabi/lib/armv7-m\libg_nano.a(lib_a-nano-svfprintf.o) (memmove)
c:/program files (x86)/gnu tools arm embedded/5.4 2016q3/bin/../lib/gcc/arm-none-eabi/5.4.1/../../../../arm-none-eabi/lib/armv7-m\libg_nano.a(lib_a-nano-freer.o)
[...]
Memory Configuration

Name             Origin             Length             Attributes
rom              0x08000000         0x00010000         xr
ram              0x20000000         0x00002000         xrw
*default*        0x00000000         0xffffffff

Linker script and memory map

                0x20002000                _eram = 0x20002000

.text           0x08000000     0x4b5b
 *(.isr_vector)
 .isr_vector    0x08000000      0x124 ..\obj\startup_stm32f10x_md_vl.o
                0x08000000                g_pfnVectors
 *(.text*)
 .text.delay_init
                0x08000124       0x74 ..\obj\delay.o
                0x08000124                delay_init
 .text._delay_us
                0x08000198       0x44 ..\obj\delay.o
                0x08000198                _delay_us
 .text._delay_ms
                0x080001dc       0x4c ..\obj\delay.o
                0x080001dc                _delay_ms
 .text.TIM3_IRQHandler
                0x08000228       0x24 ..\obj\delay.o
                0x08000228                TIM3_IRQHandler
 .text.TIM_TimeBaseInit
                0x0800024c       0xa8 ..\obj\stm32f10x_tim.o
                0x0800024c                TIM_TimeBaseInit
 .text.TIM_Cmd  0x080002f4       0x1c ..\obj\stm32f10x_tim.o
                0x080002f4                TIM_Cmd
 .text.TIM_ITConfig
                0x08000310       0x14 ..\obj\stm32f10x_tim.o
                0x08000310                TIM_ITConfig
 .text.TIM_SetCounter
                0x08000324        0x4 ..\obj\stm32f10x_tim.o
                0x08000324                TIM_SetCounter
 .text.TIM_SetAutoreload
                0x08000328        0x4 ..\obj\stm32f10x_tim.o
                0x08000328                TIM_SetAutoreload
 .text.TIM_GetITStatus
                0x0800032c       0x18 ..\obj\stm32f10x_tim.o
                0x0800032c                TIM_GetITStatus
 .text.TIM_ClearITPendingBit
                0x08000344        0x8 ..\obj\stm32f10x_tim.o
                0x08000344                TIM_ClearITPendingBit
 .text.gps_CRC16_checksum
                0x0800034c       0xc0 ..\obj\fun.o
                0x0800034c                gps_CRC16_checksum
 .text.Default_Handler
                0x0800040c        0x4 ..\obj\startup_stm32f10x_md_vl.o
                0x0800040c                EXTI2_IRQHandler
                0x0800040c                DebugMon_Handler
                0x0800040c                TIM1_CC_IRQHandler
                0x0800040c                HardFault_Handler
                0x0800040c                SysTick_Handler
                0x0800040c                PVD_IRQHandler
                0x0800040c                PendSV_Handler
                0x0800040c                NMI_Handler
                0x0800040c                EXTI3_IRQHandler
                0x0800040c                EXTI0_IRQHandler
                0x0800040c                I2C2_EV_IRQHandler
                0x0800040c                TIM1_UP_TIM16_IRQHandler
                0x0800040c                UsageFault_Handler
                0x0800040c                SPI1_IRQHandler
                0x0800040c                TAMPER_IRQHandler
                0x0800040c                TIM6_DAC_IRQHandler
                0x0800040c                DMA1_Channel4_IRQHandler
                0x0800040c                ADC1_IRQHandler
                0x0800040c                USART3_IRQHandler
                0x0800040c                RTC_IRQHandler
                0x0800040c                DMA1_Channel7_IRQHandler
                0x0800040c                TIM4_IRQHandler
                0x0800040c                I2C1_EV_IRQHandler
                0x0800040c                DMA1_Channel6_IRQHandler
                0x0800040c                RCC_IRQHandler
                0x0800040c                DMA1_Channel1_IRQHandler
                0x0800040c                CEC_IRQHandler
                0x0800040c                EXTI15_10_IRQHandler
                0x0800040c                TIM7_IRQHandler
                0x0800040c                EXTI9_5_IRQHandler
                0x0800040c                SPI2_IRQHandler
                0x0800040c                MemManage_Handler
                0x0800040c                SVC_Handler
                0x0800040c                DMA1_Channel5_IRQHandler
                0x0800040c                EXTI4_IRQHandler
                0x0800040c                TIM1_TRG_COM_TIM17_IRQHandler
                0x0800040c                DMA1_Channel3_IRQHandler
                0x0800040c                WWDG_IRQHandler
                0x0800040c                EXTI1_IRQHandler
                0x0800040c                RTCAlarm_IRQHandler
                0x0800040c                USART2_IRQHandler
                0x0800040c                I2C2_ER_IRQHandler
                0x0800040c                DMA1_Channel2_IRQHandler
                0x0800040c                FLASH_IRQHandler
                0x0800040c                BusFault_Handler
                0x0800040c                I2C1_ER_IRQHandler
                0x0800040c                TIM1_BRK_TIM15_IRQHandler
 .text.Default_Reset_Handler
                0x08000410       0x48 ..\obj\startup_stm32f10x_md_vl.o
                0x08000410                Default_Reset_Handler
                0x08000410                Reset_Handler
 .text.GPIO_Init
                0x08000458      0x3cc ..\obj\stm32f10x_gpio.o
                0x08000458                GPIO_Init
 .text.GPIO_SetBits
                0x08000824        0x4 ..\obj\stm32f10x_gpio.o
                0x08000824                GPIO_SetBits
 .text.GPIO_ResetBits
                0x08000828        0x4 ..\obj\stm32f10x_gpio.o
                0x08000828                GPIO_ResetBits
 .text.USART1_IRQHandler
                0x0800082c       0x38 ..\obj\main.o
                0x0800082c                USART1_IRQHandler
 .text.TIM2_IRQHandler
                0x08000864      0x168 ..\obj\main.o
                0x08000864                TIM2_IRQHandler
 .text.send_rtty_packet
                0x080009cc      0x1a0 ..\obj\main.o
                0x080009cc                send_rtty_packet
 .text.startup.main
                0x08000b6c      0x130 ..\obj\main.o
                0x08000b6c                main
 .text.send_ublox
                0x08000c9c      0x178 ..\obj\ublox.o
                0x08000c9c                send_ublox
 .text.ublox_get_last_data
                0x08000e14       0x24 ..\obj\ublox.o
                0x08000e14                ublox_get_last_data
 .text.ublox_init
                0x08000e38      0x474 ..\obj\ublox.o
                0x08000e38                ublox_init
 .text.ublox_handle_packet
                0x080012ac       0xfc ..\obj\ublox.o
                0x080012ac                ublox_handle_packet
 .text.ublox_handle_incoming_byte
                0x080013a8       0x68 ..\obj\ublox.o
                0x080013a8                ublox_handle_incoming_byte
 .text.init_usart_gps
                0x08001410       0xa8 ..\obj\init.o
                0x08001410                init_usart_gps
 .text.NVIC_Conf
                0x080014b8        0xc ..\obj\init.o
                0x080014b8                NVIC_Conf
 .text.RCC_Conf
                0x080014c4       0x4c ..\obj\init.o
                0x080014c4                RCC_Conf
 .text.init_port
                0x08001510      0x354 ..\obj\init.o
                0x08001510                init_port
 .text.spi_init
                0x08001864       0x84 ..\obj\init.o
                0x08001864                spi_init
 .text.spi_deinit
                0x080018e8       0x30 ..\obj\init.o
                0x080018e8                spi_deinit
 .text.init_timer
                0x08001918       0x84 ..\obj\init.o
                0x08001918                init_timer
 .text.aprs_init
                0x0800199c       0x34 ..\obj\aprs.o
                0x0800199c                aprs_init
 .text.aprs_timer_handler
                0x080019d0        0xc ..\obj\aprs.o
                0x080019d0                aprs_timer_handler
 .text.aprs_is_active
                0x080019dc        0xc ..\obj\aprs.o
                0x080019dc                aprs_is_active
 .text.aprs_send_position
                0x080019e8      0x210 ..\obj\aprs.o
                0x080019e8                aprs_send_position
 .text.RCC_DeInit
                0x08001bf8       0x48 ..\obj\stm32f10x_rcc.o
                0x08001bf8                RCC_DeInit
 .text.RCC_HSEConfig
                0x08001c40       0x38 ..\obj\stm32f10x_rcc.o
                0x08001c40                RCC_HSEConfig
 .text.RCC_WaitForHSEStartUp
                0x08001c78       0x34 ..\obj\stm32f10x_rcc.o
                0x08001c78                RCC_WaitForHSEStartUp
 .text.RCC_SYSCLKConfig
                0x08001cac       0x14 ..\obj\stm32f10x_rcc.o
                0x08001cac                RCC_SYSCLKConfig
 .text.RCC_GetSYSCLKSource
                0x08001cc0       0x10 ..\obj\stm32f10x_rcc.o
                0x08001cc0                RCC_GetSYSCLKSource
 .text.RCC_HCLKConfig
                0x08001cd0       0x14 ..\obj\stm32f10x_rcc.o
                0x08001cd0                RCC_HCLKConfig
 .text.RCC_PCLK1Config
                0x08001ce4       0x14 ..\obj\stm32f10x_rcc.o
                0x08001ce4                RCC_PCLK1Config
 .text.RCC_PCLK2Config
                0x08001cf8       0x14 ..\obj\stm32f10x_rcc.o
                0x08001cf8                RCC_PCLK2Config
 .text.RCC_ADCCLKConfig
                0x08001d0c       0x14 ..\obj\stm32f10x_rcc.o
                0x08001d0c                RCC_ADCCLKConfig
 .text.RCC_GetClocksFreq
                0x08001d20       0xa8 ..\obj\stm32f10x_rcc.o
                0x08001d20                RCC_GetClocksFreq
 .text.RCC_AHBPeriphClockCmd
                0x08001dc8       0x1c ..\obj\stm32f10x_rcc.o
                0x08001dc8                RCC_AHBPeriphClockCmd
 .text.RCC_APB2PeriphClockCmd
                0x08001de4       0x1c ..\obj\stm32f10x_rcc.o
                0x08001de4                RCC_APB2PeriphClockCmd
 .text.RCC_APB1PeriphClockCmd
                0x08001e00       0x1c ..\obj\stm32f10x_rcc.o
                0x08001e00                RCC_APB1PeriphClockCmd
 .text.RCC_APB2PeriphResetCmd
                0x08001e1c       0x1c ..\obj\stm32f10x_rcc.o
                0x08001e1c                RCC_APB2PeriphResetCmd
 .text.RCC_APB1PeriphResetCmd
                0x08001e38       0x1c ..\obj\stm32f10x_rcc.o
                0x08001e38                RCC_APB1PeriphResetCmd
 .text.radio_rw_register
                0x08001e54       0x60 ..\obj\radio.o
                0x08001e54                radio_rw_register
 .text.radio_set_tx_frequency
                0x08001eb4      0x194 ..\obj\radio.o
                0x08001eb4                radio_set_tx_frequency
 .text.radio_disable_tx
                0x08002048       0x4c ..\obj\radio.o
                0x08002048                radio_disable_tx
 .text.radio_soft_reset
                0x08002094       0x4c ..\obj\radio.o
                0x08002094                radio_soft_reset
 .text.radio_enable_tx
                0x080020e0       0x4c ..\obj\radio.o
                0x080020e0                radio_enable_tx
 .text.radio_read_temperature
                0x0800212c       0x90 ..\obj\radio.o
                0x0800212c                radio_read_temperature
 .text.ADC_Init
                0x080021bc       0x48 ..\obj\stm32f10x_adc.o
                0x080021bc                ADC_Init
 .text.ADC_Cmd  0x08002204       0x14 ..\obj\stm32f10x_adc.o
                0x08002204                ADC_Cmd
 .text.ADC_DMACmd
                0x08002218       0x14 ..\obj\stm32f10x_adc.o
                0x08002218                ADC_DMACmd
 .text.ADC_ResetCalibration
                0x0800222c        0xc ..\obj\stm32f10x_adc.o
                0x0800222c                ADC_ResetCalibration
 .text.ADC_GetResetCalibrationStatus
                0x08002238        0x8 ..\obj\stm32f10x_adc.o
                0x08002238                ADC_GetResetCalibrationStatus
 .text.ADC_StartCalibration
                0x08002240        0xc ..\obj\stm32f10x_adc.o
                0x08002240                ADC_StartCalibration
 .text.ADC_GetCalibrationStatus
                0x0800224c        0x8 ..\obj\stm32f10x_adc.o
                0x0800224c                ADC_GetCalibrationStatus
 .text.ADC_SoftwareStartConvCmd
                0x08002254       0x14 ..\obj\stm32f10x_adc.o
                0x08002254                ADC_SoftwareStartConvCmd
 .text.ADC_RegularChannelConfig
                0x08002268       0x94 ..\obj\stm32f10x_adc.o
                0x08002268                ADC_RegularChannelConfig
 .text.USART_Init
                0x080022fc       0xbc ..\obj\stm32f10x_usart.o
                0x080022fc                USART_Init
 .text.USART_Cmd
                0x080023b8       0x1c ..\obj\stm32f10x_usart.o
                0x080023b8                USART_Cmd
 .text.USART_ITConfig
                0x080023d4       0x38 ..\obj\stm32f10x_usart.o
                0x080023d4                USART_ITConfig
 .text.USART_SendData
                0x0800240c        0x8 ..\obj\stm32f10x_usart.o
                0x0800240c                USART_SendData
 .text.USART_ReceiveData
                0x08002414        0x8 ..\obj\stm32f10x_usart.o
                0x08002414                USART_ReceiveData
 .text.USART_GetFlagStatus
                0x0800241c        0xc ..\obj\stm32f10x_usart.o
                0x0800241c                USART_GetFlagStatus
 .text.USART_GetITStatus
                0x08002428       0x48 ..\obj\stm32f10x_usart.o
                0x08002428                USART_GetITStatus
 .text.USART_ClearITPendingBit
                0x08002470       0x10 ..\obj\stm32f10x_usart.o
                0x08002470                USART_ClearITPendingBit
 .text.send_rtty
                0x08002480       0x5c ..\obj\f_rtty.o
                0x08002480                send_rtty
 .text._sbrk    0x080024dc       0x1c ..\obj\syscalls.o
                0x080024dc                _sbrk
 .text.abort    0x080024f8        0x4 ..\obj\syscalls.o
                0x080024f8                abort
 .text.FLASH_SetLatency
                0x080024fc       0x14 ..\obj\stm32f10x_flash.o
                0x080024fc                FLASH_SetLatency
 .text.FLASH_PrefetchBufferCmd
                0x08002510       0x18 ..\obj\stm32f10x_flash.o
                0x08002510                FLASH_PrefetchBufferCmd
 .text.DMA_DeInit
                0x08002528      0x128 ..\obj\stm32f10x_dma.o
                0x08002528                DMA_DeInit
 .text.DMA_Init
                0x08002650       0x40 ..\obj\stm32f10x_dma.o
                0x08002650                DMA_Init
 .text.DMA_Cmd  0x08002690       0x18 ..\obj\stm32f10x_dma.o
                0x08002690                DMA_Cmd
 .text.NVIC_Init
                0x080026a8       0x6c ..\obj\misc.o
                0x080026a8                NVIC_Init
 .text.NVIC_SetVectorTable
                0x08002714       0x14 ..\obj\misc.o
                0x08002714                NVIC_SetVectorTable
 .text.NVIC_SystemLPConfig
                0x08002728       0x18 ..\obj\misc.o
                0x08002728                NVIC_SystemLPConfig
 .text.SPI_I2S_DeInit
                0x08002740       0x6c ..\obj\stm32f10x_spi.o
                0x08002740                SPI_I2S_DeInit
 .text.SPI_Init
                0x080027ac       0x40 ..\obj\stm32f10x_spi.o
                0x080027ac                SPI_Init
 .text.SPI_Cmd  0x080027ec       0x1c ..\obj\stm32f10x_spi.o
                0x080027ec                SPI_Cmd
 .text.SPI_I2S_SendData
                0x08002808        0x4 ..\obj\stm32f10x_spi.o
                0x08002808                SPI_I2S_SendData
 .text.SPI_I2S_ReceiveData
                0x0800280c        0x8 ..\obj\stm32f10x_spi.o
                0x0800280c                SPI_I2S_ReceiveData
 .text.SPI_SSOutputCmd
                0x08002814       0x1c ..\obj\stm32f10x_spi.o
                0x08002814                SPI_SSOutputCmd
 .text.SPI_I2S_GetFlagStatus
                0x08002830        0xc ..\obj\stm32f10x_spi.o
                0x08002830                SPI_I2S_GetFlagStatus
 .text._ZN9QAPRSBase12ax25SendByteEh
                0x0800283c       0xc8 ..\obj\QAPRSBase.o
                0x0800283c                QAPRSBase::ax25SendByte(unsigned char)
 .text._ZN9QAPRSBase4sendEPcj
                0x08002904      0x120 ..\obj\QAPRSBase.o
                0x08002904                QAPRSBase::send(char*, unsigned int)
 .text._ZN9QAPRSBase8sendDataEPc
                0x08002a24       0xcc ..\obj\QAPRSBase.o
                0x08002a24                QAPRSBase::sendData(char*)
 .text._ZN9QAPRSBase11parseRelaysEPKcPc
                0x08002af0       0x9c ..\obj\QAPRSBase.o
                0x08002af0                QAPRSBase::parseRelays(char const*, char*)
 .text._ZN9QAPRSBase4initEaaPchS0_hS0_
                0x08002b8c       0xac ..\obj\QAPRSBase.o
                0x08002b8c                QAPRSBase::init(signed char, signed char, char*, unsigned char, char*, unsigned char, char*)
 .text._ZN9QAPRSBase21timerInterruptHandlerEv
                0x08002c38       0x58 ..\obj\QAPRSBase.o
                0x08002c38                QAPRSBase::timerInterruptHandler()
 .text          0x08002c90      0x21c c:/program files (x86)/gnu tools arm embedded/5.4 2016q3/bin/../lib/gcc/arm-none-eabi/5.4.1/armv7-m\libgcc.a(_arm_addsubsf3.o)
                0x08002c90                __aeabi_frsub
                0x08002c98                __subsf3
                0x08002c98                __aeabi_fsub
                0x08002c9c                __aeabi_fadd
                0x08002c9c                __addsf3
                0x08002dfc                __aeabi_ui2f
                0x08002dfc                __floatunsisf
                0x08002e04                __aeabi_i2f
                0x08002e04                __floatsisf
                0x08002e20                __aeabi_ul2f
                0x08002e20                __floatundisf
                0x08002e30                __aeabi_l2f
                0x08002e30                __floatdisf
 .text          0x08002eac      0x2a0 c:/program files (x86)/gnu tools arm embedded/5.4 2016q3/bin/../lib/gcc/arm-none-eabi/5.4.1/armv7-m\libgcc.a(_arm_muldivsf3.o)
                0x08002eac                __mulsf3
                0x08002eac                __aeabi_fmul
                0x08003014                __aeabi_fdiv
                0x08003014                __divsf3
 .text          0x0800314c       0xec c:/program files (x86)/gnu tools arm embedded/5.4 2016q3/bin/../lib/gcc/arm-none-eabi/5.4.1/armv7-m\libgcc.a(_arm_cmpsf2.o)
                0x0800314c                __gesf2
                0x0800314c                __gtsf2
                0x08003154                __lesf2
                0x08003154                __ltsf2
                0x0800315c                __nesf2
                0x0800315c                __eqsf2
                0x0800315c                __cmpsf2
                0x080031bc                __aeabi_cfrcmple
                0x080031c4                __aeabi_cfcmpeq
                0x080031c4                __aeabi_cfcmple
                0x080031d4                __aeabi_fcmpeq
                0x080031e8                __aeabi_fcmplt
                0x080031fc                __aeabi_fcmple
                0x08003210                __aeabi_fcmpge
                0x08003224                __aeabi_fcmpgt
 .text          0x08003238       0x40 c:/program files (x86)/gnu tools arm embedded/5.4 2016q3/bin/../lib/gcc/arm-none-eabi/5.4.1/armv7-m\libgcc.a(_arm_fixunssfsi.o)
                0x08003238                __fixunssfsi
                0x08003238                __aeabi_f2uiz
 .text          0x08003278      0x9e4 c:/program files (x86)/gnu tools arm embedded/5.4 2016q3/bin/../lib/gcc/arm-none-eabi/5.4.1/armv7-m\libgcc.a(unwind-arm.o)
                0x08003538                _Unwind_GetCFA
                0x0800353c                __gnu_Unwind_RaiseException
                0x0800359c                __gnu_Unwind_ForcedUnwind
                0x080035b0                __gnu_Unwind_Resume
                0x080035f4                __gnu_Unwind_Resume_or_Rethrow
                0x08003608                _Unwind_Complete
                0x0800360c                _Unwind_DeleteException
                0x08003618                _Unwind_VRS_Get
                0x08003664                _Unwind_VRS_Set
                0x080036b4                __gnu_Unwind_Backtrace
                0x08003a00                __aeabi_unwind_cpp_pr0
                0x08003a04                __aeabi_unwind_cpp_pr1
                0x08003a08                __aeabi_unwind_cpp_pr2
                0x08003a0c                _Unwind_VRS_Pop
 .text          0x08003c5c      0x1ac c:/program files (x86)/gnu tools arm embedded/5.4 2016q3/bin/../lib/gcc/arm-none-eabi/5.4.1/armv7-m\libgcc.a(libunwind.o)
                0x08003c5c                __restore_core_regs
                0x08003c5c                restore_core_regs
                0x08003c74                __gnu_Unwind_Restore_VFP
                0x08003c7c                __gnu_Unwind_Save_VFP
                0x08003c84                __gnu_Unwind_Restore_VFP_D
                0x08003c8c                __gnu_Unwind_Save_VFP_D
                0x08003c94                __gnu_Unwind_Restore_VFP_D_16_to_31
                0x08003c9c                __gnu_Unwind_Save_VFP_D_16_to_31
                0x08003ca4                __gnu_Unwind_Restore_WMMXD
                0x08003ce8                __gnu_Unwind_Save_WMMXD
                0x08003d2c                __gnu_Unwind_Restore_WMMXC
                0x08003d40                __gnu_Unwind_Save_WMMXC
                0x08003d54                ___Unwind_RaiseException
                0x08003d54                _Unwind_RaiseException
                0x08003d78                _Unwind_Resume
                0x08003d78                ___Unwind_Resume
                0x08003d9c                _Unwind_Resume_or_Rethrow
                0x08003d9c                ___Unwind_Resume_or_Rethrow
                0x08003dc0                _Unwind_ForcedUnwind
                0x08003dc0                ___Unwind_ForcedUnwind
                0x08003de4                ___Unwind_Backtrace
                0x08003de4                _Unwind_Backtrace
 .text          0x08003e08      0x354 c:/program files (x86)/gnu tools arm embedded/5.4 2016q3/bin/../lib/gcc/arm-none-eabi/5.4.1/armv7-m\libgcc.a(pr-support.o)
                0x08003e60                __gnu_unwind_execute
                0x08004104                __gnu_unwind_frame
                0x0800412c                _Unwind_GetRegionStart
                0x08004138                _Unwind_GetLanguageSpecificData
                0x0800414c                _Unwind_GetTextRelBase
                0x08004154                _Unwind_GetDataRelBase
 .text.memcpy   0x0800415c       0x16 c:/program files (x86)/gnu tools arm embedded/5.4 2016q3/bin/../lib/gcc/arm-none-eabi/5.4.1/../../../../arm-none-eabi/lib/armv7-m\libg_nano.a(lib_a-memcpy-stub.o)
                0x0800415c                memcpy
 .text.memset   0x08004172       0x10 c:/program files (x86)/gnu tools arm embedded/5.4 2016q3/bin/../lib/gcc/arm-none-eabi/5.4.1/../../../../arm-none-eabi/lib/armv7-m\libg_nano.a(lib_a-memset.o)
                0x08004172                memset
 *fill*         0x08004182        0x2 
 .text.sprintf  0x08004184       0x48 c:/program files (x86)/gnu tools arm embedded/5.4 2016q3/bin/../lib/gcc/arm-none-eabi/5.4.1/../../../../arm-none-eabi/lib/armv7-m\libg_nano.a(lib_a-sprintf.o)
                0x08004184                siprintf
                0x08004184                sprintf
 .text.strcpy   0x080041cc       0x10 c:/program files (x86)/gnu tools arm embedded/5.4 2016q3/bin/../lib/gcc/arm-none-eabi/5.4.1/../../../../arm-none-eabi/lib/armv7-m\libg_nano.a(lib_a-strcpy.o)
                0x080041cc                strcpy
 .text          0x080041dc       0x10 c:/program files (x86)/gnu tools arm embedded/5.4 2016q3/bin/../lib/gcc/arm-none-eabi/5.4.1/../../../../arm-none-eabi/lib/armv7-m\libg_nano.a(lib_a-strlen.o)
                0x080041dc                strlen
 .text.strncpy  0x080041ec       0x26 c:/program files (x86)/gnu tools arm embedded/5.4 2016q3/bin/../lib/gcc/arm-none-eabi/5.4.1/../../../../arm-none-eabi/lib/armv7-m\libg_nano.a(lib_a-strncpy.o)
                0x080041ec                strncpy
 .text.__ssputs_r
                0x08004212       0xb2 c:/program files (x86)/gnu tools arm embedded/5.4 2016q3/bin/../lib/gcc/arm-none-eabi/5.4.1/../../../../arm-none-eabi/lib/armv7-m\libg_nano.a(lib_a-nano-svfprintf.o)
                0x08004212                __ssputs_r
 .text._svfprintf_r
                0x080042c4      0x1e8 c:/program files (x86)/gnu tools arm embedded/5.4 2016q3/bin/../lib/gcc/arm-none-eabi/5.4.1/../../../../arm-none-eabi/lib/armv7-m\libg_nano.a(lib_a-nano-svfprintf.o)
                0x080042c4                _svfiprintf_r
                0x080042c4                _svfprintf_r
 .text._printf_common
                0x080044ac       0xec c:/program files (x86)/gnu tools arm embedded/5.4 2016q3/bin/../lib/gcc/arm-none-eabi/5.4.1/../../../../arm-none-eabi/lib/armv7-m\libg_nano.a(lib_a-nano-vfprintf_i.o)
                0x080044ac                _printf_common
 .text._printf_i
                0x08004598      0x24c c:/program files (x86)/gnu tools arm embedded/5.4 2016q3/bin/../lib/gcc/arm-none-eabi/5.4.1/../../../../arm-none-eabi/lib/armv7-m\libg_nano.a(lib_a-nano-vfprintf_i.o)
                0x08004598                _printf_i
 .text.memchr   0x080047e4       0x1c c:/program files (x86)/gnu tools arm embedded/5.4 2016q3/bin/../lib/gcc/arm-none-eabi/5.4.1/../../../../arm-none-eabi/lib/armv7-m\libg_nano.a(lib_a-memchr-stub.o)
                0x080047e4                memchr
 .text.memmove  0x08004800       0x36 c:/program files (x86)/gnu tools arm embedded/5.4 2016q3/bin/../lib/gcc/arm-none-eabi/5.4.1/../../../../arm-none-eabi/lib/armv7-m\libg_nano.a(lib_a-memmove.o)
                0x08004800                memmove
 *fill*         0x08004836        0x2 
 .text._free_r  0x08004838       0x98 c:/program files (x86)/gnu tools arm embedded/5.4 2016q3/bin/../lib/gcc/arm-none-eabi/5.4.1/../../../../arm-none-eabi/lib/armv7-m\libg_nano.a(lib_a-nano-freer.o)
                0x08004838                _free_r
 .text._malloc_r
                0x080048d0       0xbc c:/program files (x86)/gnu tools arm embedded/5.4 2016q3/bin/../lib/gcc/arm-none-eabi/5.4.1/../../../../arm-none-eabi/lib/armv7-m\libg_nano.a(lib_a-nano-mallocr.o)
                0x080048d0                _malloc_r
 .text._realloc_r
                0x0800498c       0x4c c:/program files (x86)/gnu tools arm embedded/5.4 2016q3/bin/../lib/gcc/arm-none-eabi/5.4.1/../../../../arm-none-eabi/lib/armv7-m\libg_nano.a(lib_a-nano-reallocr.o)
                0x0800498c                _realloc_r
 .text._sbrk_r  0x080049d8       0x20 c:/program files (x86)/gnu tools arm embedded/5.4 2016q3/bin/../lib/gcc/arm-none-eabi/5.4.1/../../../../arm-none-eabi/lib/armv7-m\libg_nano.a(lib_a-sbrkr.o)
                0x080049d8                _sbrk_r
 .text.__malloc_lock
                0x080049f8        0x2 c:/program files (x86)/gnu tools arm embedded/5.4 2016q3/bin/../lib/gcc/arm-none-eabi/5.4.1/../../../../arm-none-eabi/lib/armv7-m\libg_nano.a(lib_a-mlock.o)
                0x080049f8                __malloc_lock
 .text.__malloc_unlock
                0x080049fa        0x2 c:/program files (x86)/gnu tools arm embedded/5.4 2016q3/bin/../lib/gcc/arm-none-eabi/5.4.1/../../../../arm-none-eabi/lib/armv7-m\libg_nano.a(lib_a-mlock.o)
                0x080049fa                __malloc_unlock
 .text._malloc_usable_size_r
                0x080049fc       0x14 c:/program files (x86)/gnu tools arm embedded/5.4 2016q3/bin/../lib/gcc/arm-none-eabi/5.4.1/../../../../arm-none-eabi/lib/armv7-m\libg_nano.a(lib_a-nano-msizer.o)
                0x080049fc                _malloc_usable_size_r
 *(.init)
 *(.fini)
 *crtbegin.o(.ctors)
 *crtbegin?.o(.ctors)
 *(EXCLUDE_FILE(*crtend.o *crtend?.o) .ctors)
 *(SORT(.ctors.*))
 *(.ctors)
 *crtbegin.o(.dtors)
 *crtbegin?.o(.dtors)
 *(EXCLUDE_FILE(*crtend.o *crtend?.o) .dtors)
 *(SORT(.dtors.*))
 *(.dtors)
 *(.rodata*)
 .rodata.str1.4
                0x08004a10       0x55 ..\obj\main.o
                                 0x59 (size before relaxing)
 *fill*         0x08004a65        0x3 
 .rodata.str1.4
                0x08004a68       0xc0 ..\obj\aprs.o
 .rodata.str1.1
                0x08004b28       0x11 c:/program files (x86)/gnu tools arm embedded/5.4 2016q3/bin/../lib/gcc/arm-none-eabi/5.4.1/../../../../arm-none-eabi/lib/armv7-m\libg_nano.a(lib_a-nano-svfprintf.o)
 .rodata.str1.1
                0x08004b39       0x22 c:/program files (x86)/gnu tools arm embedded/5.4 2016q3/bin/../lib/gcc/arm-none-eabi/5.4.1/../../../../arm-none-eabi/lib/armv7-m\libg_nano.a(lib_a-nano-vfprintf_i.o)
 *(.eh_fram e*)

.glue_7         0x08004b5c        0x0
 .glue_7        0x08004b5c        0x0 linker stubs

.glue_7t        0x08004b5c        0x0
 .glue_7t       0x08004b5c        0x0 linker stubs

.vfp11_veneer   0x08004b5c        0x0
 .vfp11_veneer  0x08004b5c        0x0 linker stubs

.v4_bx          0x08004b5c        0x0
 .v4_bx         0x08004b5c        0x0 linker stubs

.iplt           0x08004b5c        0x0
 .iplt          0x08004b5c        0x0 ..\obj\delay.o

.ARM.extab      0x08004b5c       0x18
 *(.ARM.extab* .gnu.linkonce.armextab.*)
 .ARM.extab     0x08004b5c       0x18 c:/program files (x86)/gnu tools arm embedded/5.4 2016q3/bin/../lib/gcc/arm-none-eabi/5.4.1/armv7-m\libgcc.a(pr-support.o)
                0x08004b74                __exidx_start = .

.ARM.exidx      0x08004b74      0x100
 *(.ARM.exidx* .gnu.linkonce.armexidx.*)
 .ARM.exidx.text.aprs_init
                0x08004b74        0x8 ..\obj\aprs.o
 .ARM.exidx.text.aprs_timer_handler
                0x08004b7c        0x8 ..\obj\aprs.o
 .ARM.exidx.text.aprs_is_active
                0x08004b84        0x0 ..\obj\aprs.o
                                  0x8 (size before relaxing)
 .ARM.exidx.text.aprs_send_position
                0x08004b84       0x10 ..\obj\aprs.o
                                  0x8 (size before relaxing)
 .ARM.exidx.text._ZN9QAPRSBase12ax25SendByteEh
                0x08004b94        0x8 ..\obj\QAPRSBase.o
 .ARM.exidx.text._ZN9QAPRSBase4sendEPcj
                0x08004b9c        0x8 ..\obj\QAPRSBase.o
 .ARM.exidx.text._ZN9QAPRSBase8sendDataEPc
                0x08004ba4        0x8 ..\obj\QAPRSBase.o
 .ARM.exidx.text._ZN9QAPRSBase11parseRelaysEPKcPc
                0x08004bac        0x0 ..\obj\QAPRSBase.o
                                  0x8 (size before relaxing)
 .ARM.exidx.text._ZN9QAPRSBase4initEaaPchS0_hS0_
                0x08004bac        0x8 ..\obj\QAPRSBase.o
 .ARM.exidx.text._ZN9QAPRSBase21timerInterruptHandlerEv
                0x08004bb4       0x10 ..\obj\QAPRSBase.o
                                  0x8 (size before relaxing)
 .ARM.exidx     0x08004bc4       0x78 c:/program files (x86)/gnu tools arm embedded/5.4 2016q3/bin/../lib/gcc/arm-none-eabi/5.4.1/armv7-m\libgcc.a(unwind-arm.o)
                                 0xd8 (size before relaxing)
 .ARM.exidx     0x08004c3c       0x38 c:/program files (x86)/gnu tools arm embedded/5.4 2016q3/bin/../lib/gcc/arm-none-eabi/5.4.1/armv7-m\libgcc.a(pr-support.o)
                                 0x48 (size before relaxing)
                0x08004c74                __exidx_end = .
                0x08004c74                __etext = .
                0x08004c74                _sidata = __etext

.rel.dyn        0x08004c74        0x0
 .rel.iplt      0x08004c74        0x0 ..\obj\delay.o

.data           0x20000000       0x94 load address 0x08004c74
                0x20000000                __data_start__ = .
                0x20000000                _sdata = __data_start__
 *(vtable)
 *(.data*)
 .data          0x20000000       0x1a ..\obj\main.o
                0x20000000                cun
                0x20000004                callsign
                0x20000014                CRC_rtty
                0x20000018                status
 *fill*         0x2000001a        0x2 
 .data          0x2000001c       0x14 ..\obj\stm32f10x_rcc.o
 .data.impure_data
                0x20000030       0x60 c:/program files (x86)/gnu tools arm embedded/5.4 2016q3/bin/../lib/gcc/arm-none-eabi/5.4.1/../../../../arm-none-eabi/lib/armv7-m\libg_nano.a(lib_a-impure.o)
 .data._impure_ptr
                0x20000090        0x4 c:/program files (x86)/gnu tools arm embedded/5.4 2016q3/bin/../lib/gcc/arm-none-eabi/5.4.1/../../../../arm-none-eabi/lib/armv7-m\libg_nano.a(lib_a-impure.o)
                0x20000090                _impure_ptr
                0x20000094                . = ALIGN (0x4)
                [!provide]                PROVIDE (__preinit_array_start, .)
 *(.preinit_array)
                [!provide]                PROVIDE (__preinit_array_end, .)
                0x20000094                . = ALIGN (0x4)
                [!provide]                PROVIDE (__init_array_start, .)
 *(SORT(.init_array.*))
 *(.init_array)
                [!provide]                PROVIDE (__init_array_end, .)
                0x20000094                . = ALIGN (0x4)
                [!provide]                PROVIDE (__fini_array_start, .)
 *(SORT(.fini_array.*))
 *(.fini_array)
                [!provide]                PROVIDE (__fini_array_end, .)
 *(.jcr*)
                0x20000094                . = ALIGN (0x4)
                0x20000094                __data_end__ = .
                0x20000094                _edata = __data_end__

.igot.plt       0x20000094        0x0 load address 0x08004d08
 .igot.plt      0x20000094        0x0 ..\obj\delay.o

.bss            0x20000094      0x374 load address 0x08004d08
                0x20000094                . = ALIGN (0x4)
                0x20000094                __bss_start__ = .
                0x20000094                _sbss = __bss_start__
 *(.bss*)
 .bss           0x20000094        0x8 ..\obj\main.o
                0x20000094                tx_on
                0x20000095                send_rtty_status
                0x20000096                disable_armed
                0x20000097                tx_enable
                0x20000098                pun
                0x20000099                flaga
                0x2000009a                button_pressed
 .bss           0x2000009c       0x69 ..\obj\ublox.o
                0x2000009c                ack_received
                0x2000009d                nack_received
                0x20000104                active
 *fill*         0x20000105        0x3 
 .bss           0x20000108      0x17a ..\obj\aprs.o
                0x20000108                qaprs
 .bss           0x20000282        0x1 ..\obj\f_rtty.o
 *fill*         0x20000283        0x1 
 .bss           0x20000284        0x4 ..\obj\syscalls.o
 .bss           0x20000288       0x10 ..\obj\QAPRSBase.o
                0x20000290                QAPRSGlobalObject
                0x20000294                ADCVal
 .bss.__malloc_sbrk_start
                0x20000298        0x4 c:/program files (x86)/gnu tools arm embedded/5.4 2016q3/bin/../lib/gcc/arm-none-eabi/5.4.1/../../../../arm-none-eabi/lib/armv7-m\libg_nano.a(lib_a-nano-mallocr.o)
                0x20000298                __malloc_sbrk_start
 .bss.__malloc_free_list
                0x2000029c        0x4 c:/program files (x86)/gnu tools arm embedded/5.4 2016q3/bin/../lib/gcc/arm-none-eabi/5.4.1/../../../../arm-none-eabi/lib/armv7-m\libg_nano.a(lib_a-nano-mallocr.o)
                0x2000029c                __malloc_free_list
 *(COMMON)
 COMMON         0x200002a0        0x1 ..\obj\delay.o
                0x200002a0                done
 *fill*         0x200002a1        0x3 
 COMMON         0x200002a4       0xd8 ..\obj\main.o
                0x200002a4                send_cun
                0x200002a8                voltage
                0x200002ac                rtty_buf
                0x200002b0                tx_on_delay
                0x200002b4                buf_rtty
 COMMON         0x2000037c       0x1c ..\obj\ublox.o
                0x2000037c                currentGPSData
 COMMON         0x20000398       0x68 ..\obj\init.o
                0x20000398                ADC_InitStructure
                0x200003ac                GPIO_Conf
                0x200003b0                SPI_InitStructure
                0x200003c4                USART_InitStructure
                0x200003d4                DMA_InitStructure
 COMMON         0x20000400        0x1 ..\obj\f_rtty.o
                0x20000400                start_bits
 *fill*         0x20000401        0x3 
 COMMON         0x20000404        0x4 c:/program files (x86)/gnu tools arm embedded/5.4 2016q3/bin/../lib/gcc/arm-none-eabi/5.4.1/../../../../arm-none-eabi/lib/armv7-m\libg_nano.a(lib_a-reent.o)
                0x20000404                errno
                0x20000408                . = ALIGN (0x4)
                0x20000408                __bss_end__ = .
                0x20000408                _ebss = __bss_end__

.heap           0x20000408        0x0
                0x20000408                __end__ = .
                0x20000408                _end = __end__
                0x20000408                end = __end__
 *(.heap*)
                0x20000408                __HeapLimit = .

.co_stack       0x20000408      0x400 load address 0x0800507c
                0x20000408                . = ALIGN (0x8)
 *(.co_stack .co_stack.*)
 .co_stack      0x20000408      0x400 ..\obj\startup_stm32f10x_md_vl.o
                0x20000408                pulStack
                0x20002000                __StackTop = (ORIGIN (ram) + LENGTH (ram))
                0x20001c00                __StackLimit = (__StackTop - SIZEOF (.co_stack))
                [!provide]                PROVIDE (__stack, __StackTop)
                0x00000001                ASSERT ((__StackLimit >= __HeapLimit), region ram  overflowed with stack)
LOAD ..\obj\delay.o
LOAD ..\obj\stm32f10x_tim.o
LOAD ..\obj\fun.o
LOAD ..\obj\startup_stm32f10x_md_vl.o
LOAD ..\obj\system_stm32f10x.o
LOAD ..\obj\stm32f10x_pwr.o
LOAD ..\obj\stm32f10x_gpio.o
LOAD ..\obj\main.o
LOAD ..\obj\ublox.o
LOAD ..\obj\init.o
LOAD ..\obj\aprs.o
LOAD ..\obj\stm32f10x_rcc.o
LOAD ..\obj\radio.o
LOAD ..\obj\stm32f10x_adc.o
LOAD ..\obj\stm32f10x_usart.o
LOAD ..\obj\f_rtty.o
LOAD ..\obj\syscalls.o
LOAD ..\obj\stm32f10x_flash.o
LOAD ..\obj\stm32f10x_dma.o
LOAD ..\obj\misc.o
LOAD ..\obj\stm32f10x_spi.o
LOAD ..\obj\QAPRSBase.o
LOAD c:/program files (x86)/gnu tools arm embedded/5.4 2016q3/bin/../lib/gcc/arm-none-eabi/5.4.1/../../../../arm-none-eabi/lib/armv7-m\libstdc++_nano.a
START GROUP
LOAD c:/program files (x86)/gnu tools arm embedded/5.4 2016q3/bin/../lib/gcc/arm-none-eabi/5.4.1/armv7-m\libgcc.a
LOAD c:/program files (x86)/gnu tools arm embedded/5.4 2016q3/bin/../lib/gcc/arm-none-eabi/5.4.1/../../../../arm-none-eabi/lib/armv7-m\libg_nano.a
LOAD c:/program files (x86)/gnu tools arm embedded/5.4 2016q3/bin/../lib/gcc/arm-none-eabi/5.4.1/../../../../arm-none-eabi/lib/armv7-m\libc_nano.a
END GROUP
START GROUP
LOAD c:/program files (x86)/gnu tools arm embedded/5.4 2016q3/bin/../lib/gcc/arm-none-eabi/5.4.1/armv7-m\libgcc.a
LOAD c:/program files (x86)/gnu tools arm embedded/5.4 2016q3/bin/../lib/gcc/arm-none-eabi/5.4.1/../../../../arm-none-eabi/lib/armv7-m\libc_nano.a
END GROUP
OUTPUT(rtty.elf elf32-littlearm)

.debug_info     0x00000000    0x109d8
 .debug_info    0x00000000      0x85c ..\obj\delay.o
 .debug_info    0x0000085c     0x2531 ..\obj\stm32f10x_tim.o
 .debug_info    0x00002d8d      0x232 ..\obj\fun.o
 .debug_info    0x00002fbf      0x10e ..\obj\startup_stm32f10x_md_vl.o
 .debug_info    0x000030cd      0x88f ..\obj\stm32f10x_gpio.o
 .debug_info    0x0000395c      0xe24 ..\obj\main.o
 .debug_info    0x00004780     0x1a55 ..\obj\ublox.o
 .debug_info    0x000061d5     0x1aa4 ..\obj\init.o
 .debug_info    0x00007c79      0xb28 ..\obj\aprs.o
 .debug_info    0x000087a1      0x9b3 ..\obj\stm32f10x_rcc.o
 .debug_info    0x00009154      0xdee ..\obj\radio.o
 .debug_info    0x00009f42      0xc27 ..\obj\stm32f10x_adc.o
 .debug_info    0x0000ab69      0xb26 ..\obj\stm32f10x_usart.o
 .debug_info    0x0000b68f      0x111 ..\obj\f_rtty.o
 .debug_info    0x0000b7a0      0x432 ..\obj\syscalls.o
 .debug_info    0x0000bbd2     0x1540 ..\obj\stm32f10x_flash.o
 .debug_info    0x0000d112      0x426 ..\obj\stm32f10x_dma.o
 .debug_info    0x0000d538      0x55c ..\obj\misc.o
 .debug_info    0x0000da94      0x9c9 ..\obj\stm32f10x_spi.o
 .debug_info    0x0000e45d     0x257b ..\obj\QAPRSBase.o

.debug_abbrev   0x00000000     0x2ab9
 .debug_abbrev  0x00000000      0x1f7 ..\obj\delay.o
 .debug_abbrev  0x000001f7      0x2b3 ..\obj\stm32f10x_tim.o
 .debug_abbrev  0x000004aa      0x110 ..\obj\fun.o
 .debug_abbrev  0x000005ba       0xdf ..\obj\startup_stm32f10x_md_vl.o
 .debug_abbrev  0x00000699      0x200 ..\obj\stm32f10x_gpio.o
 .debug_abbrev  0x00000899      0x296 ..\obj\main.o
 .debug_abbrev  0x00000b2f      0x30c ..\obj\ublox.o
 .debug_abbrev  0x00000e3b      0x2e3 ..\obj\init.o
 .debug_abbrev  0x0000111e      0x30a ..\obj\aprs.o
 .debug_abbrev  0x00001428      0x26e ..\obj\stm32f10x_rcc.o
 .debug_abbrev  0x00001696      0x257 ..\obj\radio.o
 .debug_abbrev  0x000018ed      0x1e6 ..\obj\stm32f10x_adc.o
 .debug_abbrev  0x00001ad3      0x1e4 ..\obj\stm32f10x_usart.o
 .debug_abbrev  0x00001cb7       0xb7 ..\obj\f_rtty.o
 .debug_abbrev  0x00001d6e      0x147 ..\obj\syscalls.o
 .debug_abbrev  0x00001eb5      0x21e ..\obj\stm32f10x_flash.o
 .debug_abbrev  0x000020d3      0x1c6 ..\obj\stm32f10x_dma.o
 .debug_abbrev  0x00002299      0x156 ..\obj\misc.o
 .debug_abbrev  0x000023ef      0x1e6 ..\obj\stm32f10x_spi.o
 .debug_abbrev  0x000025d5      0x4e4 ..\obj\QAPRSBase.o

.debug_loc      0x00000000    0x13145
 .debug_loc     0x00000000       0xc0 ..\obj\delay.o
 .debug_loc     0x000000c0     0x23d1 ..\obj\stm32f10x_tim.o
 .debug_loc     0x00002491     0x8439 ..\obj\fun.o
 .debug_loc     0x0000a8ca     0x1532 ..\obj\stm32f10x_gpio.o
 .debug_loc     0x0000bdfc       0xd3 ..\obj\main.o
 .debug_loc     0x0000becf      0x805 ..\obj\ublox.o
 .debug_loc     0x0000c6d4      0x11f ..\obj\init.o
 .debug_loc     0x0000c7f3      0x78e ..\obj\aprs.o
 .debug_loc     0x0000cf81      0x81c ..\obj\stm32f10x_rcc.o
 .debug_loc     0x0000d79d      0x31a ..\obj\radio.o
 .debug_loc     0x0000dab7      0x9cd ..\obj\stm32f10x_adc.o
 .debug_loc     0x0000e484      0x84f ..\obj\stm32f10x_usart.o
 .debug_loc     0x0000ecd3       0x85 ..\obj\f_rtty.o
 .debug_loc     0x0000ed58       0xe7 ..\obj\syscalls.o
 .debug_loc     0x0000ee3f     0x24e7 ..\obj\stm32f10x_flash.o
 .debug_loc     0x00011326       0xfe ..\obj\stm32f10x_dma.o
 .debug_loc     0x00011424      0x193 ..\obj\misc.o
 .debug_loc     0x000115b7      0x555 ..\obj\stm32f10x_spi.o
 .debug_loc     0x00011b0c     0x1639 ..\obj\QAPRSBase.o

.debug_aranges  0x00000000      0xcb0
 .debug_aranges
                0x00000000       0x38 ..\obj\delay.o
 .debug_aranges
                0x00000038      0x2c0 ..\obj\stm32f10x_tim.o
 .debug_aranges
                0x000002f8       0x40 ..\obj\fun.o
 .debug_aranges
                0x00000338       0x28 ..\obj\startup_stm32f10x_md_vl.o
 .debug_aranges
                0x00000360       0xa8 ..\obj\stm32f10x_gpio.o
 .debug_aranges
                0x00000408       0x38 ..\obj\main.o
 .debug_aranges
                0x00000440       0x60 ..\obj\ublox.o
 .debug_aranges
                0x000004a0       0x58 ..\obj\init.o
 .debug_aranges
                0x000004f8       0x58 ..\obj\aprs.o
 .debug_aranges
                0x00000550      0x120 ..\obj\stm32f10x_rcc.o
 .debug_aranges
                0x00000670       0x50 ..\obj\radio.o
 .debug_aranges
                0x000006c0      0x138 ..\obj\stm32f10x_adc.o
 .debug_aranges
                0x000007f8      0x100 ..\obj\stm32f10x_usart.o
 .debug_aranges
                0x000008f8       0x20 ..\obj\f_rtty.o
 .debug_aranges
                0x00000918       0x58 ..\obj\syscalls.o
 .debug_aranges
                0x00000970       0xd8 ..\obj\stm32f10x_flash.o
 .debug_aranges
                0x00000a48       0x60 ..\obj\stm32f10x_dma.o
 .debug_aranges
                0x00000aa8       0x40 ..\obj\misc.o
 .debug_aranges
                0x00000ae8       0xd0 ..\obj\stm32f10x_spi.o
 .debug_aranges
                0x00000bb8       0xf8 ..\obj\QAPRSBase.o

.debug_ranges   0x00000000     0x1ea0
 .debug_ranges  0x00000000       0x28 ..\obj\delay.o
 .debug_ranges  0x00000028      0x4b0 ..\obj\stm32f10x_tim.o
 .debug_ranges  0x000004d8       0x30 ..\obj\fun.o
 .debug_ranges  0x00000508       0x18 ..\obj\startup_stm32f10x_md_vl.o
 .debug_ranges  0x00000520       0x98 ..\obj\stm32f10x_gpio.o
 .debug_ranges  0x000005b8       0x28 ..\obj\main.o
 .debug_ranges  0x000005e0      0x120 ..\obj\ublox.o
 .debug_ranges  0x00000700       0x78 ..\obj\init.o
 .debug_ranges  0x00000778       0x80 ..\obj\aprs.o
 .debug_ranges  0x000007f8      0x130 ..\obj\stm32f10x_rcc.o
 .debug_ranges  0x00000928      0x168 ..\obj\radio.o
 .debug_ranges  0x00000a90      0x128 ..\obj\stm32f10x_adc.o
 .debug_ranges  0x00000bb8       0xf0 ..\obj\stm32f10x_usart.o
 .debug_ranges  0x00000ca8       0x10 ..\obj\f_rtty.o
 .debug_ranges  0x00000cb8       0x48 ..\obj\syscalls.o
 .debug_ranges  0x00000d00      0xba8 ..\obj\stm32f10x_flash.o
 .debug_ranges  0x000018a8       0x50 ..\obj\stm32f10x_dma.o
 .debug_ranges  0x000018f8       0x30 ..\obj\misc.o
 .debug_ranges  0x00001928       0xc0 ..\obj\stm32f10x_spi.o
 .debug_ranges  0x000019e8      0x4b8 ..\obj\QAPRSBase.o

.debug_line     0x00000000     0x5d51
 .debug_line    0x00000000      0x2c7 ..\obj\delay.o
 .debug_line    0x000002c7      0xd64 ..\obj\stm32f10x_tim.o
 .debug_line    0x0000102b      0x214 ..\obj\fun.o
 .debug_line    0x0000123f       0xb0 ..\obj\startup_stm32f10x_md_vl.o
 .debug_line    0x000012ef      0x52a ..\obj\stm32f10x_gpio.o
 .debug_line    0x00001819      0x42f ..\obj\main.o
 .debug_line    0x00001c48      0x5af ..\obj\ublox.o
 .debug_line    0x000021f7      0x51c ..\obj\init.o
 .debug_line    0x00002713      0x331 ..\obj\aprs.o
 .debug_line    0x00002a44      0x554 ..\obj\stm32f10x_rcc.o
 .debug_line    0x00002f98      0x383 ..\obj\radio.o
 .debug_line    0x0000331b      0x5b1 ..\obj\stm32f10x_adc.o
 .debug_line    0x000038cc      0x526 ..\obj\stm32f10x_usart.o
 .debug_line    0x00003df2      0x16e ..\obj\f_rtty.o
 .debug_line    0x00003f60      0x1e3 ..\obj\syscalls.o
 .debug_line    0x00004143      0x8c6 ..\obj\stm32f10x_flash.o
 .debug_line    0x00004a09      0x34f ..\obj\stm32f10x_dma.o
 .debug_line    0x00004d58      0x2b5 ..\obj\misc.o
 .debug_line    0x0000500d      0x496 ..\obj\stm32f10x_spi.o
 .debug_line    0x000054a3      0x8ae ..\obj\QAPRSBase.o

.debug_str      0x00000000     0x44a6
 .debug_str     0x00000000      0x6ea ..\obj\delay.o
                                0x757 (size before relaxing)
 .debug_str     0x000006ea      0xa2a ..\obj\stm32f10x_tim.o
                                0xe0f (size before relaxing)
 .debug_str     0x00001114       0xa2 ..\obj\fun.o
                                0x1fa (size before relaxing)
 .debug_str     0x000011b6       0xd6 ..\obj\startup_stm32f10x_md_vl.o
                                0x16d (size before relaxing)
 .debug_str     0x0000128c      0x388 ..\obj\stm32f10x_gpio.o
                                0x54f (size before relaxing)
 .debug_str     0x00001614      0x3fb ..\obj\main.o
                                0x73a (size before relaxing)
 .debug_str     0x00001a0f      0x4c6 ..\obj\ublox.o
                                0x7c6 (size before relaxing)
 .debug_str     0x00001ed5      0x65d ..\obj\init.o
                                0xebc (size before relaxing)
 .debug_str     0x00002532      0x84f ..\obj\aprs.o
                                0xa83 (size before relaxing)
 .debug_str     0x00002d81      0x38d ..\obj\stm32f10x_rcc.o
                                0x68c (size before relaxing)
 .debug_str     0x0000310e       0xd6 ..\obj\radio.o
                                0x3ad (size before relaxing)
 .debug_str     0x000031e4      0x3d4 ..\obj\stm32f10x_adc.o
                                0x731 (size before relaxing)
 .debug_str     0x000035b8      0x336 ..\obj\stm32f10x_usart.o
                                0x6ef (size before relaxing)
 .debug_str     0x000038ee       0x4c ..\obj\f_rtty.o
                                0x1b7 (size before relaxing)
 .debug_str     0x0000393a      0x18f ..\obj\syscalls.o
                                0x355 (size before relaxing)
 .debug_str     0x00003ac9      0x3ca ..\obj\stm32f10x_flash.o
                                0x5c0 (size before relaxing)
 .debug_str     0x00003e93      0x110 ..\obj\stm32f10x_dma.o
                                0x3a1 (size before relaxing)
 .debug_str     0x00003fa3      0x15a ..\obj\misc.o
                                0x3dd (size before relaxing)
 .debug_str     0x000040fd      0x264 ..\obj\stm32f10x_spi.o
                                0x65c (size before relaxing)
 .debug_str     0x00004361      0x145 ..\obj\QAPRSBase.o
                                0xbb2 (size before relaxing)

.comment        0x00000000       0x6e
 .comment       0x00000000       0x6e ..\obj\delay.o
                                 0x6f (size before relaxing)
 .comment       0x0000006e       0x6f ..\obj\stm32f10x_tim.o
 .comment       0x0000006e       0x6f ..\obj\fun.o
 .comment       0x0000006e       0x6f ..\obj\startup_stm32f10x_md_vl.o
 .comment       0x0000006e       0x6f ..\obj\stm32f10x_gpio.o
 .comment       0x0000006e       0x6f ..\obj\main.o
 .comment       0x0000006e       0x6f ..\obj\ublox.o
 .comment       0x0000006e       0x6f ..\obj\init.o
 .comment       0x0000006e       0x6f ..\obj\aprs.o
 .comment       0x0000006e       0x6f ..\obj\stm32f10x_rcc.o
 .comment       0x0000006e       0x6f ..\obj\radio.o
 .comment       0x0000006e       0x6f ..\obj\stm32f10x_adc.o
 .comment       0x0000006e       0x6f ..\obj\stm32f10x_usart.o
 .comment       0x0000006e       0x6f ..\obj\f_rtty.o
 .comment       0x0000006e       0x6f ..\obj\syscalls.o
 .comment       0x0000006e       0x6f ..\obj\stm32f10x_flash.o
 .comment       0x0000006e       0x6f ..\obj\stm32f10x_dma.o
 .comment       0x0000006e       0x6f ..\obj\misc.o
 .comment       0x0000006e       0x6f ..\obj\stm32f10x_spi.o
 .comment       0x0000006e       0x6f ..\obj\QAPRSBase.o

.ARM.attributes
                0x00000000       0x31
 .ARM.attributes
                0x00000000       0x33 ..\obj\delay.o
 .ARM.attributes
                0x00000033       0x33 ..\obj\stm32f10x_tim.o
 .ARM.attributes
                0x00000066       0x33 ..\obj\fun.o
 .ARM.attributes
                0x00000099       0x33 ..\obj\startup_stm32f10x_md_vl.o
 .ARM.attributes
                0x000000cc       0x33 ..\obj\stm32f10x_gpio.o
 .ARM.attributes
                0x000000ff       0x33 ..\obj\main.o
 .ARM.attributes
                0x00000132       0x33 ..\obj\ublox.o
 .ARM.attributes
                0x00000165       0x33 ..\obj\init.o
 .ARM.attributes
                0x00000198       0x33 ..\obj\aprs.o
 .ARM.attributes
                0x000001cb       0x33 ..\obj\stm32f10x_rcc.o
 .ARM.attributes
                0x000001fe       0x33 ..\obj\radio.o
 .ARM.attributes
                0x00000231       0x33 ..\obj\stm32f10x_adc.o
 .ARM.attributes
                0x00000264       0x33 ..\obj\stm32f10x_usart.o
 .ARM.attributes
                0x00000297       0x33 ..\obj\f_rtty.o
 .ARM.attributes
                0x000002ca       0x33 ..\obj\syscalls.o
 .ARM.attributes
                0x000002fd       0x33 ..\obj\stm32f10x_flash.o
 .ARM.attributes
                0x00000330       0x33 ..\obj\stm32f10x_dma.o
 .ARM.attributes
                0x00000363       0x33 ..\obj\misc.o
 .ARM.attributes
                0x00000396       0x33 ..\obj\stm32f10x_spi.o
 .ARM.attributes
                0x000003c9       0x33 ..\obj\QAPRSBase.o
 .ARM.attributes
                0x000003fc       0x1d c:/program files (x86)/gnu tools arm embedded/5.4 2016q3/bin/../lib/gcc/arm-none-eabi/5.4.1/armv7-m\libgcc.a(_arm_addsubsf3.o)
 .ARM.attributes
                0x00000419       0x1d c:/program files (x86)/gnu tools arm embedded/5.4 2016q3/bin/../lib/gcc/arm-none-eabi/5.4.1/armv7-m\libgcc.a(_arm_muldivsf3.o)
 .ARM.attributes
                0x00000436       0x1d c:/program files (x86)/gnu tools arm embedded/5.4 2016q3/bin/../lib/gcc/arm-none-eabi/5.4.1/armv7-m\libgcc.a(_arm_cmpsf2.o)
 .ARM.attributes
                0x00000453       0x1d c:/program files (x86)/gnu tools arm embedded/5.4 2016q3/bin/../lib/gcc/arm-none-eabi/5.4.1/armv7-m\libgcc.a(_arm_fixunssfsi.o)
 .ARM.attributes
                0x00000470       0x2d c:/program files (x86)/gnu tools arm embedded/5.4 2016q3/bin/../lib/gcc/arm-none-eabi/5.4.1/../../../../arm-none-eabi/lib/armv7-m\libg_nano.a(lib_a-memcpy-stub.o)
 .ARM.attributes
                0x0000049d       0x2d c:/program files (x86)/gnu tools arm embedded/5.4 2016q3/bin/../lib/gcc/arm-none-eabi/5.4.1/../../../../arm-none-eabi/lib/armv7-m\libg_nano.a(lib_a-memset.o)
 .ARM.attributes
                0x000004ca       0x2d c:/program files (x86)/gnu tools arm embedded/5.4 2016q3/bin/../lib/gcc/arm-none-eabi/5.4.1/../../../../arm-none-eabi/lib/armv7-m\libg_nano.a(lib_a-sprintf.o)
 .ARM.attributes
                0x000004f7       0x2d c:/program files (x86)/gnu tools arm embedded/5.4 2016q3/bin/../lib/gcc/arm-none-eabi/5.4.1/../../../../arm-none-eabi/lib/armv7-m\libg_nano.a(lib_a-strcpy.o)
 .ARM.attributes
                0x00000524       0x17 c:/program files (x86)/gnu tools arm embedded/5.4 2016q3/bin/../lib/gcc/arm-none-eabi/5.4.1/../../../../arm-none-eabi/lib/armv7-m\libg_nano.a(lib_a-strlen.o)
 .ARM.attributes
                0x0000053b       0x2d c:/program files (x86)/gnu tools arm embedded/5.4 2016q3/bin/../lib/gcc/arm-none-eabi/5.4.1/../../../../arm-none-eabi/lib/armv7-m\libg_nano.a(lib_a-strncpy.o)
 .ARM.attributes
                0x00000568       0x2d c:/program files (x86)/gnu tools arm embedded/5.4 2016q3/bin/../lib/gcc/arm-none-eabi/5.4.1/../../../../arm-none-eabi/lib/armv7-m\libg_nano.a(lib_a-impure.o)
 .ARM.attributes
                0x00000595       0x2d c:/program files (x86)/gnu tools arm embedded/5.4 2016q3/bin/../lib/gcc/arm-none-eabi/5.4.1/../../../../arm-none-eabi/lib/armv7-m\libg_nano.a(lib_a-nano-svfprintf.o)
 .ARM.attributes
                0x000005c2       0x2d c:/program files (x86)/gnu tools arm embedded/5.4 2016q3/bin/../lib/gcc/arm-none-eabi/5.4.1/../../../../arm-none-eabi/lib/armv7-m\libg_nano.a(lib_a-nano-vfprintf_i.o)
 .ARM.attributes
                0x000005ef       0x2d c:/program files (x86)/gnu tools arm embedded/5.4 2016q3/bin/../lib/gcc/arm-none-eabi/5.4.1/../../../../arm-none-eabi/lib/armv7-m\libg_nano.a(lib_a-memchr-stub.o)
 .ARM.attributes
                0x0000061c       0x2d c:/program files (x86)/gnu tools arm embedded/5.4 2016q3/bin/../lib/gcc/arm-none-eabi/5.4.1/../../../../arm-none-eabi/lib/armv7-m\libg_nano.a(lib_a-memmove.o)
 .ARM.attributes
                0x00000649       0x2d c:/program files (x86)/gnu tools arm embedded/5.4 2016q3/bin/../lib/gcc/arm-none-eabi/5.4.1/../../../../arm-none-eabi/lib/armv7-m\libg_nano.a(lib_a-nano-freer.o)
 .ARM.attributes
                0x00000676       0x2d c:/program files (x86)/gnu tools arm embedded/5.4 2016q3/bin/../lib/gcc/arm-none-eabi/5.4.1/../../../../arm-none-eabi/lib/armv7-m\libg_nano.a(lib_a-nano-mallocr.o)
 .ARM.attributes
                0x000006a3       0x2d c:/program files (x86)/gnu tools arm embedded/5.4 2016q3/bin/../lib/gcc/arm-none-eabi/5.4.1/../../../../arm-none-eabi/lib/armv7-m\libg_nano.a(lib_a-nano-reallocr.o)
 .ARM.attributes
                0x000006d0       0x2d c:/program files (x86)/gnu tools arm embedded/5.4 2016q3/bin/../lib/gcc/arm-none-eabi/5.4.1/../../../../arm-none-eabi/lib/armv7-m\libg_nano.a(lib_a-sbrkr.o)
 .ARM.attributes
                0x000006fd       0x2d c:/program files (x86)/gnu tools arm embedded/5.4 2016q3/bin/../lib/gcc/arm-none-eabi/5.4.1/../../../../arm-none-eabi/lib/armv7-m\libg_nano.a(lib_a-mlock.o)
 .ARM.attributes
                0x0000072a       0x2d c:/program files (x86)/gnu tools arm embedded/5.4 2016q3/bin/../lib/gcc/arm-none-eabi/5.4.1/../../../../arm-none-eabi/lib/armv7-m\libg_nano.a(lib_a-nano-msizer.o)
 .ARM.attributes
                0x00000757       0x2d c:/program files (x86)/gnu tools arm embedded/5.4 2016q3/bin/../lib/gcc/arm-none-eabi/5.4.1/../../../../arm-none-eabi/lib/armv7-m\libg_nano.a(lib_a-reent.o)

.debug_frame    0x00000000     0x2450
 .debug_frame   0x00000000       0x88 ..\obj\delay.o
 .debug_frame   0x00000088      0x738 ..\obj\stm32f10x_tim.o
 .debug_frame   0x000007c0       0x6c ..\obj\fun.o
 .debug_frame   0x0000082c       0x3c ..\obj\startup_stm32f10x_md_vl.o
 .debug_frame   0x00000868      0x1b0 ..\obj\stm32f10x_gpio.o
 .debug_frame   0x00000a18       0xc0 ..\obj\main.o
 .debug_frame   0x00000ad8      0x118 ..\obj\ublox.o
 .debug_frame   0x00000bf0      0x120 ..\obj\init.o
 .debug_frame   0x00000d10       0xf4 ..\obj\aprs.o
 .debug_frame   0x00000e04      0x240 ..\obj\stm32f10x_rcc.o
 .debug_frame   0x00001044       0xd0 ..\obj\radio.o
 .debug_frame   0x00001114      0x2c0 ..\obj\stm32f10x_adc.o
 .debug_frame   0x000013d4      0x258 ..\obj\stm32f10x_usart.o
 .debug_frame   0x0000162c       0x48 ..\obj\f_rtty.o
 .debug_frame   0x00001674       0xa0 ..\obj\syscalls.o
 .debug_frame   0x00001714      0x300 ..\obj\stm32f10x_flash.o
 .debug_frame   0x00001a14       0xd0 ..\obj\stm32f10x_dma.o
 .debug_frame   0x00001ae4       0x6c ..\obj\misc.o
 .debug_frame   0x00001b50      0x1cc ..\obj\stm32f10x_spi.o
 .debug_frame   0x00001d1c      0x37c ..\obj\QAPRSBase.o
 .debug_frame   0x00002098       0x28 c:/program files (x86)/gnu tools arm embedded/5.4 2016q3/bin/../lib/gcc/arm-none-eabi/5.4.1/../../../../arm-none-eabi/lib/armv7-m\libg_nano.a(lib_a-memcpy-stub.o)
 .debug_frame   0x000020c0       0x20 c:/program files (x86)/gnu tools arm embedded/5.4 2016q3/bin/../lib/gcc/arm-none-eabi/5.4.1/../../../../arm-none-eabi/lib/armv7-m\libg_nano.a(lib_a-memset.o)
 .debug_frame   0x000020e0       0x70 c:/program files (x86)/gnu tools arm embedded/5.4 2016q3/bin/../lib/gcc/arm-none-eabi/5.4.1/../../../../arm-none-eabi/lib/armv7-m\libg_nano.a(lib_a-sprintf.o)
 .debug_frame   0x00002150       0x20 c:/program files (x86)/gnu tools arm embedded/5.4 2016q3/bin/../lib/gcc/arm-none-eabi/5.4.1/../../../../arm-none-eabi/lib/armv7-m\libg_nano.a(lib_a-strcpy.o)
 .debug_frame   0x00002170       0x28 c:/program files (x86)/gnu tools arm embedded/5.4 2016q3/bin/../lib/gcc/arm-none-eabi/5.4.1/../../../../arm-none-eabi/lib/armv7-m\libg_nano.a(lib_a-strncpy.o)
 .debug_frame   0x00002198       0x90 c:/program files (x86)/gnu tools arm embedded/5.4 2016q3/bin/../lib/gcc/arm-none-eabi/5.4.1/../../../../arm-none-eabi/lib/armv7-m\libg_nano.a(lib_a-nano-svfprintf.o)
 .debug_frame   0x00002228       0x60 c:/program files (x86)/gnu tools arm embedded/5.4 2016q3/bin/../lib/gcc/arm-none-eabi/5.4.1/../../../../arm-none-eabi/lib/armv7-m\libg_nano.a(lib_a-nano-vfprintf_i.o)
 .debug_frame   0x00002288       0x28 c:/program files (x86)/gnu tools arm embedded/5.4 2016q3/bin/../lib/gcc/arm-none-eabi/5.4.1/../../../../arm-none-eabi/lib/armv7-m\libg_nano.a(lib_a-memchr-stub.o)
 .debug_frame   0x000022b0       0x28 c:/program files (x86)/gnu tools arm embedded/5.4 2016q3/bin/../lib/gcc/arm-none-eabi/5.4.1/../../../../arm-none-eabi/lib/armv7-m\libg_nano.a(lib_a-memmove.o)
 .debug_frame   0x000022d8       0x38 c:/program files (x86)/gnu tools arm embedded/5.4 2016q3/bin/../lib/gcc/arm-none-eabi/5.4.1/../../../../arm-none-eabi/lib/armv7-m\libg_nano.a(lib_a-nano-freer.o)
 .debug_frame   0x00002310       0x2c c:/program files (x86)/gnu tools arm embedded/5.4 2016q3/bin/../lib/gcc/arm-none-eabi/5.4.1/../../../../arm-none-eabi/lib/armv7-m\libg_nano.a(lib_a-nano-mallocr.o)
 .debug_frame   0x0000233c       0x3c c:/program files (x86)/gnu tools arm embedded/5.4 2016q3/bin/../lib/gcc/arm-none-eabi/5.4.1/../../../../arm-none-eabi/lib/armv7-m\libg_nano.a(lib_a-nano-reallocr.o)
 .debug_frame   0x00002378       0x2c c:/program files (x86)/gnu tools arm embedded/5.4 2016q3/bin/../lib/gcc/arm-none-eabi/5.4.1/../../../../arm-none-eabi/lib/armv7-m\libg_nano.a(lib_a-sbrkr.o)
 .debug_frame   0x000023a4       0x30 c:/program files (x86)/gnu tools arm embedded/5.4 2016q3/bin/../lib/gcc/arm-none-eabi/5.4.1/../../../../arm-none-eabi/lib/armv7-m\libg_nano.a(lib_a-mlock.o)
 .debug_frame   0x000023d4       0x20 c:/program files (x86)/gnu tools arm embedded/5.4 2016q3/bin/../lib/gcc/arm-none-eabi/5.4.1/../../../../arm-none-eabi/lib/armv7-m\libg_nano.a(lib_a-nano-msizer.o)
 .debug_frame   0x000023f4       0x5c c:/program files (x86)/gnu tools arm embedded/5.4 2016q3/bin/../lib/gcc/arm-none-eabi/5.4.1/../../../../arm-none-eabi/lib/armv7-m\libg_nano.a(lib_a-reent.o)
